Unity Editor version:    6000.3.17f1 (cf0352b38e81)
Branch:                  6000.3/staging
Build type:              Release
Batch mode:              YES
macOS version:           Version 26.5.1 (Build 25F80)
Darwin version:          25.5.0
Architecture:            arm64
Running under Rosetta:   NO
Available memory:        16384 MB
Date:                    2026-06-16T13:41:05Z
[Licensing::Module] Trying to connect to existing licensing client channel...
[Licensing::IpcConnector] Successfully connected to: "LicenseClient-aggimallaabhishek" at "2026-06-16T13:41:05.688652Z"
Launching external process: /Applications/Unity/Hub/Editor/6000.3.17f1/Unity.app/Contents/Resources/PackageManager/Server/UnityPackageManager

COMMAND LINE ARGUMENTS:
/Applications/Unity/Hub/Editor/6000.3.17f1/Unity.app/Contents/MacOS/Unity
-batchmode
-quit
-projectPath
.
-logFile
compile.log
-executeMethod
UnityEditor.SyncVS.SyncSolution
Successfully changed project path to: /Users/aggimallaabhishek/Documents/Potion-Pop-Quest
/Users/aggimallaabhishek/Documents/Potion-Pop-Quest
[Package Manager] Server process was shutdown
